// Jest Snapshot v1, https://goo.gl/fbAQLP

exports[`The Home component should render 1`] = `
<DocumentFragment>
  <div
    class="makeStyles-searchBar-2"
  >
    <div
      class="makeStyles-searchBox-10"
    >
      <form>
        <div
          class="MuiGrid-root MuiGrid-container MuiGrid-spacing-xs-1 MuiGrid-align-items-xs-center MuiGrid-justify-xs-center"
        >
          <div
            class="MuiGrid-root MuiGrid-item MuiGrid-grid-xs-10"
          >
            <div
              class="MuiFormControl-root MuiTextField-root makeStyles-search-11 MuiFormControl-marginDense MuiFormControl-fullWidth"
            >
              <div
                class="MuiInputBase-root MuiOutlinedInput-root MuiInputBase-fullWidth MuiInputBase-formControl MuiInputBase-marginDense MuiOutlinedInput-marginDense"
              >
                <input
                  aria-invalid="false"
                  class="MuiInputBase-input MuiOutlinedInput-input MuiInputBase-inputMarginDense MuiOutlinedInput-inputMarginDense"
                  placeholder="Tast inn settets ID"
                  required=""
                  type="text"
                  value=""
                />
                <fieldset
                  aria-hidden="true"
                  class="PrivateNotchedOutline-root-15 MuiOutlinedInput-notchedOutline"
                  style="padding-left: 8px;"
                >
                  <legend
                    class="PrivateNotchedOutline-legend-16"
                    style="width: 0.01px;"
                  >
                    <span>
                      ​
                    </span>
                  </legend>
                </fieldset>
              </div>
            </div>
          </div>
          <div
            class="MuiGrid-root MuiGrid-item MuiGrid-grid-xs-2"
          >
            <button
              class="MuiButtonBase-root MuiButton-root MuiButton-contained makeStyles-btn-12 MuiButton-containedPrimary MuiButton-fullWidth"
              tabindex="0"
              type="submit"
            >
              <span
                class="MuiButton-label"
              >
                SPILL
              </span>
              <span
                class="MuiTouchRipple-root"
              />
            </button>
          </div>
        </div>
      </form>
    </div>
  </div>
  <div
    class="makeStyles-root-1"
  >
    <nav
      aria-label="mailbox folders"
      class="makeStyles-drawer-3"
    >
      <div
        class="PrivateHiddenCss-xsDown-21"
      >
        <div
          class="MuiDrawer-root MuiDrawer-docked"
        >
          <div
            class="MuiPaper-root MuiDrawer-paper makeStyles-drawerPaper-5 MuiDrawer-paperAnchorLeft MuiDrawer-paperAnchorDockedLeft MuiPaper-elevation0"
          >
            <div>
              <div
                class="makeStyles-toolbar-4"
              />
              <ul
                class="MuiList-root MuiList-padding"
              >
                <a
                  aria-disabled="false"
                  class="MuiButtonBase-root MuiListItem-root makeStyles-drawerBtn-8 MuiListItem-gutters MuiListItem-button"
                  href="/createexercise"
                  role="button"
                  style="text-align: center; border: 1px solid #367051;"
                  tabindex="0"
                >
                  <div
                    class="MuiListItemText-root"
                  >
                    <span
                      class="MuiTypography-root MuiListItemText-primary MuiTypography-body1 MuiTypography-displayBlock"
                    >
                      Opprett oppgavesett
                    </span>
                  </div>
                  <span
                    class="MuiTouchRipple-root"
                  />
                </a>
              </ul>
              <hr
                class="MuiDivider-root"
              />
              <ul
                class="MuiList-root MuiList-padding"
              >
                <div
                  aria-disabled="false"
                  class="MuiButtonBase-root MuiListItem-root makeStyles-drawerBtn-8 MuiListItem-gutters MuiListItem-button Mui-selected"
                  role="button"
                  tabindex="0"
                >
                  <div
                    class="MuiListItemIcon-root"
                  >
                    <svg
                      aria-hidden="true"
                      class="MuiSvgIcon-root makeStyles-svg-9"
                      focusable="false"
                      viewBox="0 0 24 24"
                    >
                      <path
                        d="M4 6H2v14c0 1.1.9 2 2 2h14v-2H4V6z"
                      />
                      <path
                        d="M20 2H8c-1.1 0-2 .9-2 2v12c0 1.1.9 2 2 2h12c1.1 0 2-.9 2-2V4c0-1.1-.9-2-2-2zm0 10l-2.5-1.5L15 12V4h5v8z"
                      />
                    </svg>
                  </div>
                  <div
                    class="MuiListItemText-root"
                  >
                    <span
                      class="MuiTypography-root MuiListItemText-primary MuiTypography-body1 MuiTypography-displayBlock"
                    >
                      Mine sett
                    </span>
                  </div>
                  <span
                    class="MuiTouchRipple-root"
                  />
                </div>
                <div
                  aria-disabled="false"
                  class="MuiButtonBase-root MuiListItem-root makeStyles-drawerBtn-8 MuiListItem-gutters MuiListItem-button"
                  role="button"
                  tabindex="0"
                >
                  <div
                    class="MuiListItemIcon-root"
                  >
                    <svg
                      aria-hidden="true"
                      class="MuiSvgIcon-root makeStyles-svg-9"
                      focusable="false"
                      viewBox="0 0 24 24"
                    >
                      <path
                        d="M12 21.35l-1.45-1.32C5.4 15.36 2 12.28 2 8.5 2 5.42 4.42 3 7.5 3c1.74 0 3.41.81 4.5 2.09C13.09 3.81 14.76 3 16.5 3 19.58 3 22 5.42 22 8.5c0 3.78-3.4 6.86-8.55 11.54L12 21.35z"
                      />
                    </svg>
                  </div>
                  <div
                    class="MuiListItemText-root"
                  >
                    <span
                      class="MuiTypography-root MuiListItemText-primary MuiTypography-body1 MuiTypography-displayBlock"
                    >
                      Lagrede sett
                    </span>
                  </div>
                  <span
                    class="MuiTouchRipple-root"
                  />
                </div>
                <div
                  aria-disabled="false"
                  class="MuiButtonBase-root MuiListItem-root makeStyles-drawerBtn-8 MuiListItem-gutters MuiListItem-button"
                  role="button"
                  tabindex="0"
                >
                  <div
                    class="MuiListItemIcon-root"
                  >
                    <svg
                      aria-hidden="true"
                      class="MuiSvgIcon-root makeStyles-svg-9"
                      focusable="false"
                      viewBox="0 0 24 24"
                    >
                      <path
                        d="M9 16.2L4.8 12l-1.4 1.4L9 19 21 7l-1.4-1.4L9 16.2z"
                      />
                    </svg>
                  </div>
                  <div
                    class="MuiListItemText-root"
                  >
                    <span
                      class="MuiTypography-root MuiListItemText-primary MuiTypography-body1 MuiTypography-displayBlock"
                    >
                      Fullførte sett
                    </span>
                  </div>
                  <span
                    class="MuiTouchRipple-root"
                  />
                </div>
              </ul>
            </div>
          </div>
        </div>
      </div>
    </nav>
    <div
      class="makeStyles-content-6"
    >
      <div
        class="PrivateHiddenCss-smUp-23"
      >
        <div
          class="makeStyles-buttonList-7"
        >
          <button
            class="MuiButtonBase-root MuiButton-root MuiButton-outlined makeStyles-drawerBtn-8 MuiButton-outlinedSizeSmall MuiButton-sizeSmall"
            id="0"
            tabindex="0"
            type="button"
          >
            <span
              class="MuiButton-label"
            >
              Mine sett
            </span>
            <span
              class="MuiTouchRipple-root"
            />
          </button>
          <button
            class="MuiButtonBase-root MuiButton-root MuiButton-outlined makeStyles-drawerBtn-8 MuiButton-outlinedSizeSmall MuiButton-sizeSmall"
            id="1"
            tabindex="0"
            type="button"
          >
            <span
              class="MuiButton-label"
            >
              Lagrede sett
            </span>
            <span
              class="MuiTouchRipple-root"
            />
          </button>
          <button
            class="MuiButtonBase-root MuiButton-root MuiButton-outlined makeStyles-drawerBtn-8 MuiButton-outlinedSizeSmall MuiButton-sizeSmall"
            id="2"
            tabindex="0"
            type="button"
          >
            <span
              class="MuiButton-label"
            >
              Fullførte sett
            </span>
            <span
              class="MuiTouchRipple-root"
            />
          </button>
        </div>
      </div>
      <br />
    </div>
  </div>
</DocumentFragment>
`;
